******************************************************************************
                  TI ARM Linker PC v20.2.6                     
******************************************************************************
>> Linked Mon May  9 21:15:05 2022

OUTPUT FILE NAME:   <Lab5.out>
ENTRY POINT SYMBOL: "_c_int00_noargs"  address: 00000721


MEMORY CONFIGURATION

         name            origin    length      used     unused   attr    fill
----------------------  --------  ---------  --------  --------  ----  --------
  FLASH                 00000000   00040000  000007f4  0003f80c  R  X
  SRAM                  20000000   00008000  00000208  00007df8  RW X


SEGMENT ALLOCATION MAP

run origin  load origin   length   init length attrs members
----------  ----------- ---------- ----------- ----- -------
00000000    00000000    000007f8   000007f8    r-x
  00000000    00000000    0000026c   0000026c    r-- .intvecs
  0000026c    0000026c    00000570   00000570    r-x .text
  000007e0    000007e0    00000018   00000018    r-- .cinit
20000000    20000000    00000208   00000000    rw-
  20000000    20000000    00000200   00000000    rw- .stack
  20000200    20000200    00000008   00000000    rw- .data


SECTION ALLOCATION MAP

 output                                  attributes/
section   page    origin      length       input sections
--------  ----  ----------  ----------   ----------------
.intvecs   0    00000000    0000026c     
                  00000000    0000026c     tm4c123gh6pm_startup_ccs.obj (.intvecs)

.text      0    0000026c    00000570     
                  0000026c    00000132     driverlib.lib : gpio.obj (.text:GPIOPadConfigSet)
                  0000039e    00000002     --HOLE-- [fill = 0]
                  000003a0    00000110     main.obj (.text)
                  000004b0    000000f4     driverlib.lib : sysctl.obj (.text:SysCtlClockSet)
                  000005a4    0000009c     rtsv7M4_T_le_v4SPD16_eabi.lib : memcpy_t2.asm.obj (.text)
                  00000640    00000068                                   : copy_decompress_lzss.c.obj (.text:decompress:lzss:__TI_decompress_lzss)
                  000006a8    00000044                                   : autoinit.c.obj (.text:__TI_auto_init_nobinit_nopinit:__TI_auto_init_nobinit_nopinit)
                  000006ec    00000034     driverlib.lib : sysctl.obj (.text:SysCtlPeripheralEnable)
                  00000720    00000034     rtsv7M4_T_le_v4SPD16_eabi.lib : boot_cortex_m.c.obj (.text:_c_int00_noargs:_c_int00_noargs)
                  00000754    0000002a     driverlib.lib : gpio.obj (.text:GPIODirModeSet)
                  0000077e    00000018                   : gpio.obj (.text:GPIOPinTypeGPIOOutput)
                  00000796    00000012                   : gpio.obj (.text:GPIOPinTypeGPIOInput)
                  000007a8    0000000e     rtsv7M4_T_le_v4SPD16_eabi.lib : copy_decompress_none.c.obj (.text:decompress:none:__TI_decompress_none)
                  000007b6    0000000c     tm4c123gh6pm_startup_ccs.obj (.text)
                  000007c2    00000006     driverlib.lib : gpio.obj (.text:GPIOPinRead)
                  000007c8    00000006                   : gpio.obj (.text:GPIOPinWrite)
                  000007ce    00000006                   : sysctl.obj (.text:SysCtlDelay)
                  000007d4    00000004     rtsv7M4_T_le_v4SPD16_eabi.lib : pre_init.c.obj (.text:_system_pre_init)
                  000007d8    00000004                                   : exit.c.obj (.text:abort:abort)

.cinit     0    000007e0    00000018     
                  000007e0    00000008     (__TI_handler_table)
                  000007e8    00000007     (.cinit..data.load) [load image, compression = lzss]
                  000007ef    00000001     --HOLE-- [fill = 0]
                  000007f0    00000008     (__TI_cinit_table)

.init_array 
*          0    00000000    00000000     UNINITIALIZED

.data      0    20000200    00000008     UNINITIALIZED
                  20000200    00000008     main.obj (.data)

.stack     0    20000000    00000200     UNINITIALIZED
                  20000000    00000004     rtsv7M4_T_le_v4SPD16_eabi.lib : boot_cortex_m.c.obj (.stack)
                  20000004    000001fc     --HOLE--

__llvm_prf_cnts 
*          0    20000000    00000000     UNINITIALIZED

MODULE SUMMARY

       Module                         code   ro data   rw data
       ------                         ----   -------   -------
    .\
       tm4c123gh6pm_startup_ccs.obj   12     620       0      
       main.obj                       272    0         8      
    +--+------------------------------+------+---------+---------+
       Total:                         284    620       8      
                                                              
    C:/ti/TivaWare_C_Series-2.1.4.178/driverlib/ccs/Debug/driverlib.lib
       gpio.obj                       402    0         0      
       sysctl.obj                     302    0         0      
    +--+------------------------------+------+---------+---------+
       Total:                         704    0         0      
                                                              
    C:\ti\ccs1120\ccs\tools\compiler\ti-cgt-arm_20.2.6.LTS\lib\rtsv7M4_T_le_v4SPD16_eabi.lib
       memcpy_t2.asm.obj              156    0         0      
       copy_decompress_lzss.c.obj     104    0         0      
       autoinit.c.obj                 68     0         0      
       boot_cortex_m.c.obj            52     0         0      
       copy_decompress_none.c.obj     14     0         0      
       exit.c.obj                     4      0         0      
       pre_init.c.obj                 4      0         0      
    +--+------------------------------+------+---------+---------+
       Total:                         402    0         0      
                                                              
       Stack:                         0      0         512    
       Linker Generated:              0      23        0      
    +--+------------------------------+------+---------+---------+
       Grand Total:                   1390   643       520    


LINKER GENERATED COPY TABLES

__TI_cinit_table @ 000007f0 records: 1, size/record: 8, table size: 8
	.data: load addr=000007e8, load size=00000007 bytes, run addr=20000200, run size=00000008 bytes, compression=lzss


LINKER GENERATED HANDLER TABLE

__TI_handler_table @ 000007e0 records: 2, size/record: 4, table size: 8
	index: 0, handler: __TI_decompress_lzss
	index: 1, handler: __TI_decompress_none


GLOBAL SYMBOLS: SORTED ALPHABETICALLY BY Name 

address   name                          
-------   ----                          
000007d9  C$$EXIT                       
00000755  GPIODirModeSet                
0000026d  GPIOPadConfigSet              
000007c3  GPIOPinRead                   
00000797  GPIOPinTypeGPIOInput          
0000077f  GPIOPinTypeGPIOOutput         
000007c9  GPIOPinWrite                  
000007b7  ResetISR                      
000004b1  SysCtlClockSet                
000007cf  SysCtlDelay                   
000006ed  SysCtlPeripheralEnable        
20000200  Valor_boton                   
20000200  __STACK_END                   
00000200  __STACK_SIZE                  
20000200  __STACK_TOP                   
000007f0  __TI_CINIT_Base               
000007f8  __TI_CINIT_Limit              
000007e0  __TI_Handler_Table_Base       
000007e8  __TI_Handler_Table_Limit      
000006a9  __TI_auto_init_nobinit_nopinit
00000641  __TI_decompress_lzss          
000007a9  __TI_decompress_none          
ffffffff  __TI_pprof_out_hndl           
ffffffff  __TI_prof_data_size           
ffffffff  __TI_prof_data_start          
00000000  __TI_static_base__            
000005a5  __aeabi_memcpy                
000005a5  __aeabi_memcpy4               
000005a5  __aeabi_memcpy8               
ffffffff  __binit__                     
ffffffff  __c_args__                    
UNDEFED   __mpu_init                    
20000000  __stack                       
20000000  __start___llvm_prf_cnts       
20000000  __stop___llvm_prf_cnts        
00000721  _c_int00_noargs               
UNDEFED   _system_post_cinit            
000007d5  _system_pre_init              
000007d9  abort                         
ffffffff  binit                         
00000443  delay                         
00000000  g_pfnVectors                  
20000204  i                             
000003a1  main                          
000005a5  memcpy                        
00000473  setup                         


GLOBAL SYMBOLS: SORTED BY Symbol Address 

address   name                          
-------   ----                          
00000000  __TI_static_base__            
00000000  g_pfnVectors                  
00000200  __STACK_SIZE                  
0000026d  GPIOPadConfigSet              
000003a1  main                          
00000443  delay                         
00000473  setup                         
000004b1  SysCtlClockSet                
000005a5  __aeabi_memcpy                
000005a5  __aeabi_memcpy4               
000005a5  __aeabi_memcpy8               
000005a5  memcpy                        
00000641  __TI_decompress_lzss          
000006a9  __TI_auto_init_nobinit_nopinit
000006ed  SysCtlPeripheralEnable        
00000721  _c_int00_noargs               
00000755  GPIODirModeSet                
0000077f  GPIOPinTypeGPIOOutput         
00000797  GPIOPinTypeGPIOInput          
000007a9  __TI_decompress_none          
000007b7  ResetISR                      
000007c3  GPIOPinRead                   
000007c9  GPIOPinWrite                  
000007cf  SysCtlDelay                   
000007d5  _system_pre_init              
000007d9  C$$EXIT                       
000007d9  abort                         
000007e0  __TI_Handler_Table_Base       
000007e8  __TI_Handler_Table_Limit      
000007f0  __TI_CINIT_Base               
000007f8  __TI_CINIT_Limit              
20000000  __stack                       
20000000  __start___llvm_prf_cnts       
20000000  __stop___llvm_prf_cnts        
20000200  Valor_boton                   
20000200  __STACK_END                   
20000200  __STACK_TOP                   
20000204  i                             
ffffffff  __TI_pprof_out_hndl           
ffffffff  __TI_prof_data_size           
ffffffff  __TI_prof_data_start          
ffffffff  __binit__                     
ffffffff  __c_args__                    
ffffffff  binit                         
UNDEFED   __mpu_init                    
UNDEFED   _system_post_cinit            

[46 symbols]
