******************************************************************************
                  TI ARM Linker PC v20.2.6                     
******************************************************************************
>> Linked Thu May 19 08:05:06 2022

OUTPUT FILE NAME:   <Lab6uwu.out>
ENTRY POINT SYMBOL: "_c_int00_noargs"  address: 00000b7d


MEMORY CONFIGURATION

         name            origin    length      used     unused   attr    fill
----------------------  --------  ---------  --------  --------  ----  --------
  FLASH                 00000000   00040000  00000f44  0003f0bc  R  X
  SRAM                  20000000   00008000  00000484  00007b7c  RW X


SEGMENT ALLOCATION MAP

run origin  load origin   length   init length attrs members
----------  ----------- ---------- ----------- ----- -------
00000000    00000000    00000f48   00000f48    r-x
  00000000    00000000    0000026c   0000026c    r-- .intvecs
  0000026c    0000026c    00000aa4   00000aa4    r-x .text
  00000d10    00000d10    000001ec   000001ec    r-- .const
  00000f00    00000f00    00000048   00000048    r-- .cinit
20000000    20000000    00000484   00000000    rw-
  20000000    20000000    0000026c   00000000    rw- .vtable
  2000026c    2000026c    00000004   00000000    rw- .bss
  20000270    20000270    00000200   00000000    rw- .stack
  20000470    20000470    00000014   00000000    rw- .data


SECTION ALLOCATION MAP

 output                                  attributes/
section   page    origin      length       input sections
--------  ----  ----------  ----------   ----------------
.intvecs   0    00000000    0000026c     
                  00000000    0000026c     tm4c123gh6pm_startup_ccs.obj (.intvecs)

.text      0    0000026c    00000aa4     
                  0000026c    00000258     main.obj (.text)
                  000004c4    00000132     driverlib.lib : gpio.obj (.text:GPIOPadConfigSet)
                  000005f6    00000002     --HOLE-- [fill = 0]
                  000005f8    00000110                   : sysctl.obj (.text:SysCtlClockGet)
                  00000708    000000f4                   : sysctl.obj (.text:SysCtlClockSet)
                  000007fc    0000009c     rtsv7M4_T_le_v4SPD16_eabi.lib : memcpy_t2.asm.obj (.text)
                  00000898    00000068     driverlib.lib : interrupt.obj (.text:IntEnable)
                  00000900    00000068     rtsv7M4_T_le_v4SPD16_eabi.lib : copy_decompress_lzss.c.obj (.text:decompress:lzss:__TI_decompress_lzss)
                  00000968    00000060     driverlib.lib : timer.obj (.text:TimerConfigure)
                  000009c8    00000048                   : gpio.obj (.text:GPIOPinConfigure)
                  00000a10    00000046                   : uart.obj (.text:UARTConfigSetExpClk)
                  00000a56    00000002     --HOLE-- [fill = 0]
                  00000a58    00000044     rtsv7M4_T_le_v4SPD16_eabi.lib : autoinit.c.obj (.text:__TI_auto_init_nobinit_nopinit:__TI_auto_init_nobinit_nopinit)
                  00000a9c    00000040     driverlib.lib : uart.obj (.text:_UARTIntNumberGet)
                  00000adc    00000038                   : sysctl.obj (.text:SysCtlPeripheralReady)
                  00000b14    00000034                   : interrupt.obj (.text:IntRegister)
                  00000b48    00000034                   : sysctl.obj (.text:SysCtlPeripheralEnable)
                  00000b7c    00000034     rtsv7M4_T_le_v4SPD16_eabi.lib : boot_cortex_m.c.obj (.text:_c_int00_noargs:_c_int00_noargs)
                  00000bb0    0000002a     driverlib.lib : gpio.obj (.text:GPIODirModeSet)
                  00000bda    00000002     --HOLE-- [fill = 0]
                  00000bdc    00000020                   : uart.obj (.text:UARTDisable)
                  00000bfc    0000001c     rtsv7M4_T_le_v4SPD16_eabi.lib : copy_zero_init.c.obj (.text:decompress:ZI:__TI_zero_init_nomemset:__TI_zero_init_nomemset)
                  00000c18    00000018     driverlib.lib : gpio.obj (.text:GPIOPinTypeGPIOOutput)
                  00000c30    00000018                   : uart.obj (.text:UARTIntRegister)
                  00000c48    00000014                   : uart.obj (.text:UARTEnable)
                  00000c5c    00000012                   : gpio.obj (.text:GPIOPinTypeGPIOInput)
                  00000c6e    00000012                   : gpio.obj (.text:GPIOPinTypeUART)
                  00000c80    00000012                   : timer.obj (.text:TimerLoadSet)
                  00000c92    00000010                   : interrupt.obj (.text:IntMasterEnable)
                  00000ca2    0000000e                   : timer.obj (.text:TimerEnable)
                  00000cb0    0000000e                   : uart.obj (.text:UARTCharGetNonBlocking)
                  00000cbe    0000000e     rtsv7M4_T_le_v4SPD16_eabi.lib : copy_decompress_none.c.obj (.text:decompress:none:__TI_decompress_none)
                  00000ccc    0000000c     driverlib.lib : cpu.obj (.text:CPUcpsie)
                  00000cd8    0000000c     tm4c123gh6pm_startup_ccs.obj (.text)
                  00000ce4    00000008     driverlib.lib : timer.obj (.text:TimerIntEnable)
                  00000cec    00000008                   : uart.obj (.text:UARTIntEnable)
                  00000cf4    00000006                   : gpio.obj (.text:GPIOPinWrite)
                  00000cfa    00000006                   : sysctl.obj (.text:SysCtlDelay)
                  00000d00    00000004                   : timer.obj (.text:TimerIntClear)
                  00000d04    00000004                   : uart.obj (.text:UARTIntClear)
                  00000d08    00000004     rtsv7M4_T_le_v4SPD16_eabi.lib : pre_init.c.obj (.text:_system_pre_init)
                  00000d0c    00000004                                   : exit.c.obj (.text:abort:abort)

.const     0    00000d10    000001ec     
                  00000d10    00000090     driverlib.lib : gpio.obj (.const:g_pui32GPIOBaseAddrs)
                  00000da0    00000070                   : interrupt.obj (.const)
                  00000e10    0000006c                   : sysctl.obj (.const:g_pui32Xtals)
                  00000e7c    00000040                   : uart.obj (.const:g_ppui32UARTIntMap)
                  00000ebc    00000040                   : uart.obj (.const:g_ppui32UARTIntMapSnowflake)

.cinit     0    00000f00    00000048     
                  00000f00    0000000d     (.cinit..data.load) [load image, compression = lzss]
                  00000f0d    00000003     --HOLE-- [fill = 0]
                  00000f10    0000000c     (__TI_handler_table)
                  00000f1c    00000004     --HOLE-- [fill = 0]
                  00000f20    00000008     (.cinit..bss.load) [load image, compression = zero_init]
                  00000f28    00000008     (.cinit..vtable.load) [load image, compression = zero_init]
                  00000f30    00000018     (__TI_cinit_table)

.init_array 
*          0    00000000    00000000     UNINITIALIZED

.vtable    0    20000000    0000026c     UNINITIALIZED
                  20000000    0000026c     driverlib.lib : interrupt.obj (.vtable)

.bss       0    2000026c    00000004     UNINITIALIZED
                  2000026c    00000004     (.common:timer0Load)

.data      0    20000470    00000014     UNINITIALIZED
                  20000470    00000014     main.obj (.data)

.stack     0    20000270    00000200     UNINITIALIZED
                  20000270    00000004     rtsv7M4_T_le_v4SPD16_eabi.lib : boot_cortex_m.c.obj (.stack)
                  20000274    000001fc     --HOLE--

__llvm_prf_cnts 
*          0    20000000    00000000     UNINITIALIZED

MODULE SUMMARY

       Module                         code   ro data   rw data
       ------                         ----   -------   -------
    .\
       tm4c123gh6pm_startup_ccs.obj   12     620       0      
       main.obj                       600    0         24     
    +--+------------------------------+------+---------+---------+
       Total:                         612    620       24     
                                                              
    C:/ti/TivaWare_C_Series-2.1.4.178/driverlib/ccs/Debug/driverlib.lib
       interrupt.obj                  172    112       620    
       sysctl.obj                     630    108       0      
       gpio.obj                       486    144       0      
       uart.obj                       236    128       0      
       timer.obj                      140    0         0      
       cpu.obj                        12     0         0      
    +--+------------------------------+------+---------+---------+
       Total:                         1676   492       620    
                                                              
    C:\ti\ccs1120\ccs\tools\compiler\ti-cgt-arm_20.2.6.LTS\lib\rtsv7M4_T_le_v4SPD16_eabi.lib
       memcpy_t2.asm.obj              156    0         0      
       copy_decompress_lzss.c.obj     104    0         0      
       autoinit.c.obj                 68     0         0      
       boot_cortex_m.c.obj            52     0         0      
       copy_zero_init.c.obj           28     0         0      
       copy_decompress_none.c.obj     14     0         0      
       exit.c.obj                     4      0         0      
       pre_init.c.obj                 4      0         0      
    +--+------------------------------+------+---------+---------+
       Total:                         430    0         0      
                                                              
       Stack:                         0      0         512    
       Linker Generated:              0      65        0      
    +--+------------------------------+------+---------+---------+
       Grand Total:                   2718   1177      1156   


LINKER GENERATED COPY TABLES

__TI_cinit_table @ 00000f30 records: 3, size/record: 8, table size: 24
	.data: load addr=00000f00, load size=0000000d bytes, run addr=20000470, run size=00000014 bytes, compression=lzss
	.bss: load addr=00000f20, load size=00000008 bytes, run addr=2000026c, run size=00000004 bytes, compression=zero_init
	.vtable: load addr=00000f28, load size=00000008 bytes, run addr=20000000, run size=0000026c bytes, compression=zero_init


LINKER GENERATED HANDLER TABLE

__TI_handler_table @ 00000f10 records: 3, size/record: 4, table size: 12
	index: 0, handler: __TI_zero_init
	index: 1, handler: __TI_decompress_lzss
	index: 2, handler: __TI_decompress_none


GLOBAL SYMBOLS: SORTED ALPHABETICALLY BY Name 

address   name                          
-------   ----                          
00000d0d  C$$EXIT                       
00000ccd  CPUcpsie                      
2000047c  Color_LED                     
2000047b  Datos_UART                    
2000047a  Encendido_B                   
20000479  Encendido_G                   
20000478  Encendido_R                   
00000bb1  GPIODirModeSet                
000004c5  GPIOPadConfigSet              
000009c9  GPIOPinConfigure              
00000c5d  GPIOPinTypeGPIOInput          
00000c19  GPIOPinTypeGPIOOutput         
00000c6f  GPIOPinTypeUART               
00000cf5  GPIOPinWrite                  
00000899  IntEnable                     
00000c93  IntMasterEnable               
00000b15  IntRegister                   
00000cd9  ResetISR                      
000005f9  SysCtlClockGet                
00000709  SysCtlClockSet                
00000cfb  SysCtlDelay                   
00000b49  SysCtlPeripheralEnable        
00000add  SysCtlPeripheralReady         
00000381  Timer0IntHandler              
00000969  TimerConfigure                
00000ca3  TimerEnable                   
00000d01  TimerIntClear                 
00000ce5  TimerIntEnable                
00000c81  TimerLoadSet                  
20000480  Toggle                        
000003bf  UART0IntHandler               
00000cb1  UARTCharGetNonBlocking        
00000a11  UARTConfigSetExpClk           
00000bdd  UARTDisable                   
00000c49  UARTEnable                    
00000d05  UARTIntClear                  
00000ced  UARTIntEnable                 
00000c31  UARTIntRegister               
20000470  Valor_boton                   
20000470  __STACK_END                   
00000200  __STACK_SIZE                  
20000470  __STACK_TOP                   
00000f30  __TI_CINIT_Base               
00000f48  __TI_CINIT_Limit              
00000f10  __TI_Handler_Table_Base       
00000f1c  __TI_Handler_Table_Limit      
00000a59  __TI_auto_init_nobinit_nopinit
00000901  __TI_decompress_lzss          
00000cbf  __TI_decompress_none          
ffffffff  __TI_pprof_out_hndl           
ffffffff  __TI_prof_data_size           
ffffffff  __TI_prof_data_start          
00000000  __TI_static_base__            
00000bfd  __TI_zero_init_nomemset       
000007fd  __aeabi_memcpy                
000007fd  __aeabi_memcpy4               
000007fd  __aeabi_memcpy8               
ffffffff  __binit__                     
ffffffff  __c_args__                    
UNDEFED   __mpu_init                    
20000270  __stack                       
20000000  __start___llvm_prf_cnts       
20000000  __stop___llvm_prf_cnts        
00000b7d  _c_int00_noargs               
UNDEFED   _system_post_cinit            
00000d09  _system_pre_init              
00000d0d  abort                         
ffffffff  binit                         
00000275  delay                         
20000000  g_pfnRAMVectors               
00000000  g_pfnVectors                  
20000474  i                             
0000026d  main                          
000007fd  memcpy                        
000002a5  setup                         
0000032b  setup_UART0                   
000002dd  setup_timer0                  
2000026c  timer0Load                    


GLOBAL SYMBOLS: SORTED BY Symbol Address 

address   name                          
-------   ----                          
00000000  __TI_static_base__            
00000000  g_pfnVectors                  
00000200  __STACK_SIZE                  
0000026d  main                          
00000275  delay                         
000002a5  setup                         
000002dd  setup_timer0                  
0000032b  setup_UART0                   
00000381  Timer0IntHandler              
000003bf  UART0IntHandler               
000004c5  GPIOPadConfigSet              
000005f9  SysCtlClockGet                
00000709  SysCtlClockSet                
000007fd  __aeabi_memcpy                
000007fd  __aeabi_memcpy4               
000007fd  __aeabi_memcpy8               
000007fd  memcpy                        
00000899  IntEnable                     
00000901  __TI_decompress_lzss          
00000969  TimerConfigure                
000009c9  GPIOPinConfigure              
00000a11  UARTConfigSetExpClk           
00000a59  __TI_auto_init_nobinit_nopinit
00000add  SysCtlPeripheralReady         
00000b15  IntRegister                   
00000b49  SysCtlPeripheralEnable        
00000b7d  _c_int00_noargs               
00000bb1  GPIODirModeSet                
00000bdd  UARTDisable                   
00000bfd  __TI_zero_init_nomemset       
00000c19  GPIOPinTypeGPIOOutput         
00000c31  UARTIntRegister               
00000c49  UARTEnable                    
00000c5d  GPIOPinTypeGPIOInput          
00000c6f  GPIOPinTypeUART               
00000c81  TimerLoadSet                  
00000c93  IntMasterEnable               
00000ca3  TimerEnable                   
00000cb1  UARTCharGetNonBlocking        
00000cbf  __TI_decompress_none          
00000ccd  CPUcpsie                      
00000cd9  ResetISR                      
00000ce5  TimerIntEnable                
00000ced  UARTIntEnable                 
00000cf5  GPIOPinWrite                  
00000cfb  SysCtlDelay                   
00000d01  TimerIntClear                 
00000d05  UARTIntClear                  
00000d09  _system_pre_init              
00000d0d  C$$EXIT                       
00000d0d  abort                         
00000f10  __TI_Handler_Table_Base       
00000f1c  __TI_Handler_Table_Limit      
00000f30  __TI_CINIT_Base               
00000f48  __TI_CINIT_Limit              
20000000  __start___llvm_prf_cnts       
20000000  __stop___llvm_prf_cnts        
20000000  g_pfnRAMVectors               
2000026c  timer0Load                    
20000270  __stack                       
20000470  Valor_boton                   
20000470  __STACK_END                   
20000470  __STACK_TOP                   
20000474  i                             
20000478  Encendido_R                   
20000479  Encendido_G                   
2000047a  Encendido_B                   
2000047b  Datos_UART                    
2000047c  Color_LED                     
20000480  Toggle                        
ffffffff  __TI_pprof_out_hndl           
ffffffff  __TI_prof_data_size           
ffffffff  __TI_prof_data_start          
ffffffff  __binit__                     
ffffffff  __c_args__                    
ffffffff  binit                         
UNDEFED   __mpu_init                    
UNDEFED   _system_post_cinit            

[78 symbols]
